C:\Users\dwalker\AppData\Roaming\TrayUnhider\test.log
